// Jest Snapshot v1, https://goo.gl/fbAQLP

exports[`email-input should render without problems 1`] = `
<Input
  className="email-input"
  formNoValidate={true}
  resetError={true}
  size="m"
  type="email"
  view="default"
/>
`;
