// Jest Snapshot v1, https://goo.gl/fbAQLP

exports[`popup-header should render without problems 1`] = `
<div
  className="popup-header popup-header_theme_alfa-on-white"
>
  <ForwardRef(ThemedComponent(IconButton))
    className="popup-header__closer"
    onClick={[Function]}
  >
    <IconClose />
  </ForwardRef(ThemedComponent(IconButton))>
  <div
    className="popup-header__title"
  >
    Title
  </div>
</div>
`;
