// Jest Snapshot v1, https://goo.gl/fbAQLP

exports[`plate should render icon when it propperty is setted 1`] = `
<div
  className="plate plate_has-closer plate_has-icon plate_type_success plate_theme_alfa-on-white"
  onClick={[Function]}
  onKeyDown={[Function]}
>
  <span
    className="plate__icon"
  >
    <IconOk
      colored={true}
    />
  </span>
  <div
    className="plate__title"
  >
    <span
      onClick={[Function]}
      onKeyUp={[Function]}
    >
      Успешный
    </span>
  </div>
  <div
    className="plate__content"
  >
    <ForwardRef(ThemedComponent(IconButton))
      className="plate__closer"
      onClick={[Function]}
    >
      <IconClose />
    </ForwardRef(ThemedComponent(IconButton))>
  </div>
</div>
`;

exports[`plate should render without problems 1`] = `
<div
  className="plate plate_type_default plate_theme_alfa-on-white"
  onClick={[Function]}
  onKeyDown={[Function]}
>
  <div
    className="plate__content"
  >
    plate-text
  </div>
</div>
`;
