// Jest Snapshot v1, https://goo.gl/fbAQLP

exports[`label should render without problems 1`] = `
<ForwardRef(ThemedComponent(Label))>
  <Label
    isNoWrap={false}
    size="m"
    theme="alfa-on-white"
  >
    <span
      className="label label_size_m label_theme_alfa-on-white"
    >
      <span
        className="label__inner"
      >
        Label-test
      </span>
    </span>
  </Label>
</ForwardRef(ThemedComponent(Label))>
`;
