// Jest Snapshot v1, https://goo.gl/fbAQLP

exports[`notification should render without problems 1`] = `
<ForwardRef(ThemedComponent(Swipeable))
  onSwipe={[Function]}
>
  <div
    className="notification notification_has-closer notification_stick-to_right"
    onClick={[Function]}
    onKeyDown={[Function]}
    onMouseEnter={[Function]}
    onMouseLeave={[Function]}
    style={
      Object {
        "top": 12,
      }
    }
  >
    <div
      className="notification__icon"
    >
      <ForwardRef(ThemedComponent(IconOk))
        colored={false}
        size="m"
        theme="alfa-on-color"
      />
    </div>
    <div
      className="notification__content"
    >
      notification-text
    </div>
    <IconButton
      className="notification__closer"
      formNoValidate={false}
      onClick={[Function]}
      size="m"
      tag="button"
      type="button"
    >
      <ForwardRef(ThemedComponent(IconClose))
        size="s"
        theme="alfa-on-color"
      />
    </IconButton>
  </div>
</ForwardRef(ThemedComponent(Swipeable))>
`;
