// Jest Snapshot v1, https://goo.gl/fbAQLP

exports[`money-input should render without problems 1`] = `
<div
  className="money-input"
>
  <Input
    bold={false}
    currencyCode="RUR"
    formNoValidate={true}
    fractionLength={2}
    integerLength={9}
    mask="1"
    maxLength={14}
    onChange={[Function]}
    onProcessMaskInputEvent={[Function]}
    resetError={true}
    showCurrency={false}
    size="m"
    type="text"
    value=""
    view="default"
  />
</div>
`;
